2026-06-01 02:35:31,827 - INFO - ==================================================
2026-06-01 02:35:31,830 - INFO - Iniciando ETL Service - Standalone (Polling Mode)
2026-06-01 02:35:31,830 - INFO - ==================================================
2026-06-01 02:35:31,839 - INFO - ETL Service Iniciado (modo polling)
2026-06-01 02:35:31,840 - INFO - Monitoreando:
2026-06-01 02:35:31,840 - INFO -    - Pacientes: /app/uploads/pacientes
2026-06-01 02:35:31,841 - INFO -    - Inventario: /app/uploads/inventario
2026-06-01 02:35:31,841 - INFO -  Intervalo de escaneo: 5 segundos
2026-06-01 02:35:31,842 - INFO - 🔍 Escaneando carpetas en busca de archivos CSV...
2026-06-01 04:07:50,828 - INFO - ==================================================
2026-06-01 04:07:50,828 - INFO - Iniciando ETL Service - Standalone (Polling Mode)
2026-06-01 04:07:50,829 - INFO - ==================================================
2026-06-01 04:07:50,836 - INFO - ETL Service Iniciado (modo polling)
2026-06-01 04:07:50,837 - INFO - Monitoreando:
2026-06-01 04:07:50,837 - INFO -    - Pacientes: /app/uploads/pacientes
2026-06-01 04:07:50,837 - INFO -    - Inventario: /app/uploads/inventario
2026-06-01 04:07:50,838 - INFO -  Intervalo de escaneo: 5 segundos
2026-06-01 04:07:50,838 - INFO - 🔍 Escaneando carpetas en busca de archivos CSV...
2026-06-01 04:40:21,022 - INFO - ==================================================
2026-06-01 04:40:21,024 - INFO - Iniciando ETL Service - Standalone (Polling Mode)
2026-06-01 04:40:21,025 - INFO - ==================================================
2026-06-01 04:40:21,045 - INFO - ETL Service Iniciado (modo polling)
2026-06-01 04:40:21,046 - INFO - Monitoreando:
2026-06-01 04:40:21,046 - INFO -    - Pacientes: /app/uploads/pacientes
2026-06-01 04:40:21,047 - INFO -    - Inventario: /app/uploads/inventario
2026-06-01 04:40:21,047 - INFO -  Intervalo de escaneo: 5 segundos
2026-06-01 04:40:21,048 - INFO - 🔍 Escaneando carpetas en busca de archivos CSV...
2026-06-01 04:50:43,660 - INFO - ==================================================
2026-06-01 04:50:43,661 - INFO - Iniciando ETL Service - Standalone (Polling Mode)
2026-06-01 04:50:43,662 - INFO - ==================================================
2026-06-01 04:50:43,676 - INFO - ETL Service Iniciado (modo polling)
2026-06-01 04:50:43,676 - INFO - Monitoreando:
2026-06-01 04:50:43,677 - INFO -    - Pacientes: /app/uploads/pacientes
2026-06-01 04:50:43,677 - INFO -    - Inventario: /app/uploads/inventario
2026-06-01 04:50:43,677 - INFO -  Intervalo de escaneo: 5 segundos
2026-06-01 04:50:43,678 - INFO - 🔍 Escaneando carpetas en busca de archivos CSV...
2026-06-01 05:50:44,440 - INFO - ==================================================
2026-06-01 05:50:44,441 - INFO - Iniciando ETL Service - Standalone (Polling Mode)
2026-06-01 05:50:44,442 - INFO - ==================================================
2026-06-01 05:50:44,455 - INFO - ETL Service Iniciado (modo polling)
2026-06-01 05:50:44,456 - INFO - Monitoreando:
2026-06-01 05:50:44,456 - INFO -    - Pacientes: /app/uploads/pacientes
2026-06-01 05:50:44,457 - INFO -    - Inventario: /app/uploads/inventario
2026-06-01 05:50:44,458 - INFO -  Intervalo de escaneo: 5 segundos
2026-06-01 05:50:44,459 - INFO - 🔍 Escaneando carpetas en busca de archivos CSV...
2026-06-02 01:06:35,091 - INFO - ==================================================
2026-06-02 01:06:35,094 - INFO - Iniciando ETL Service - Standalone (Polling Mode)
2026-06-02 01:06:35,095 - INFO - ==================================================
2026-06-02 01:06:35,106 - INFO - ETL Service Iniciado (modo polling)
2026-06-02 01:06:35,107 - INFO - Monitoreando:
2026-06-02 01:06:35,107 - INFO -    - Pacientes: /app/uploads/pacientes
2026-06-02 01:06:35,107 - INFO -    - Inventario: /app/uploads/inventario
2026-06-02 01:06:35,108 - INFO -  Intervalo de escaneo: 5 segundos
2026-06-02 01:06:35,108 - INFO - 🔍 Escaneando carpetas en busca de archivos CSV...
2026-06-02 06:12:07,990 - INFO - Archivo detectado en inventario: stock.csv
2026-06-02 06:12:08,249 - ERROR - Error fila 2: 1452 (23000): Cannot add or update a child row: a foreign key constraint fails (`inventario_db`.`inventario_medicamento`, CONSTRAINT `FK_inventario_medicamento` FOREIGN KEY (`id_medicamento`) REFERENCES `medicamento_db`.`medicamento` (`id_medicamento`))
2026-06-02 06:12:08,254 - ERROR - Error fila 3: 1452 (23000): Cannot add or update a child row: a foreign key constraint fails (`inventario_db`.`inventario_medicamento`, CONSTRAINT `FK_inventario_medicamento` FOREIGN KEY (`id_medicamento`) REFERENCES `medicamento_db`.`medicamento` (`id_medicamento`))
2026-06-02 06:12:08,256 - ERROR - Error fila 4: 1452 (23000): Cannot add or update a child row: a foreign key constraint fails (`inventario_db`.`inventario_medicamento`, CONSTRAINT `FK_inventario_medicamento` FOREIGN KEY (`id_medicamento`) REFERENCES `medicamento_db`.`medicamento` (`id_medicamento`))
2026-06-02 06:12:08,258 - ERROR - Error fila 5: 1452 (23000): Cannot add or update a child row: a foreign key constraint fails (`inventario_db`.`inventario_medicamento`, CONSTRAINT `FK_inventario_medicamento` FOREIGN KEY (`id_medicamento`) REFERENCES `medicamento_db`.`medicamento` (`id_medicamento`))
2026-06-02 06:12:08,260 - ERROR - Error fila 6: 1452 (23000): Cannot add or update a child row: a foreign key constraint fails (`inventario_db`.`inventario_medicamento`, CONSTRAINT `FK_inventario_medicamento` FOREIGN KEY (`id_medicamento`) REFERENCES `medicamento_db`.`medicamento` (`id_medicamento`))
2026-06-02 06:12:08,262 - ERROR - Error fila 7: 1452 (23000): Cannot add or update a child row: a foreign key constraint fails (`inventario_db`.`inventario_medicamento`, CONSTRAINT `FK_inventario_medicamento` FOREIGN KEY (`id_medicamento`) REFERENCES `medicamento_db`.`medicamento` (`id_medicamento`))
2026-06-02 06:12:08,264 - ERROR - Error fila 8: 1452 (23000): Cannot add or update a child row: a foreign key constraint fails (`inventario_db`.`inventario_medicamento`, CONSTRAINT `FK_inventario_medicamento` FOREIGN KEY (`id_medicamento`) REFERENCES `medicamento_db`.`medicamento` (`id_medicamento`))
2026-06-02 06:12:08,266 - ERROR - Error fila 9: 1452 (23000): Cannot add or update a child row: a foreign key constraint fails (`inventario_db`.`inventario_medicamento`, CONSTRAINT `FK_inventario_medicamento` FOREIGN KEY (`id_medicamento`) REFERENCES `medicamento_db`.`medicamento` (`id_medicamento`))
2026-06-02 06:12:08,268 - ERROR - Error fila 10: 1452 (23000): Cannot add or update a child row: a foreign key constraint fails (`inventario_db`.`inventario_medicamento`, CONSTRAINT `FK_inventario_medicamento` FOREIGN KEY (`id_medicamento`) REFERENCES `medicamento_db`.`medicamento` (`id_medicamento`))
2026-06-02 06:12:08,271 - ERROR - Error fila 11: 1452 (23000): Cannot add or update a child row: a foreign key constraint fails (`inventario_db`.`inventario_medicamento`, CONSTRAINT `FK_inventario_medicamento` FOREIGN KEY (`id_medicamento`) REFERENCES `medicamento_db`.`medicamento` (`id_medicamento`))
2026-06-02 06:12:08,327 - INFO - ÉXITO - stock.csv: Procesados 0 registros. Errores: 10
2026-06-02 06:17:23,777 - INFO - Archivo detectado en inventario: stock.csv
2026-06-02 06:17:23,806 - INFO - Actualizado medicamento ID: 1 (stock: 250)
2026-06-02 06:17:23,807 - INFO - Actualizado medicamento ID: 2 (stock: 180)
2026-06-02 06:17:23,809 - INFO - Actualizado medicamento ID: 3 (stock: 500)
2026-06-02 06:17:23,811 - INFO - Actualizado medicamento ID: 1 (stock: 220)
2026-06-02 06:17:23,815 - INFO - Actualizado medicamento ID: 2 (stock: 160)
2026-06-02 06:17:23,817 - INFO - Actualizado medicamento ID: 3 (stock: 450)
2026-06-02 06:17:23,872 - INFO - ÉXITO - stock.csv: Procesados 6 registros. Errores: 0
2026-06-03 01:09:31,934 - INFO - ==================================================
2026-06-03 01:09:31,936 - INFO - Iniciando ETL Service - Standalone (Polling Mode)
2026-06-03 01:09:31,936 - INFO - ==================================================
2026-06-03 01:09:31,949 - INFO - ETL Service Iniciado (modo polling)
2026-06-03 01:09:31,949 - INFO - Monitoreando:
2026-06-03 01:09:31,949 - INFO -    - Pacientes: /app/uploads/pacientes
2026-06-03 01:09:31,950 - INFO -    - Inventario: /app/uploads/inventario
2026-06-03 01:09:31,950 - INFO -  Intervalo de escaneo: 5 segundos
2026-06-03 01:09:31,951 - INFO - 🔍 Escaneando carpetas en busca de archivos CSV...
2026-06-04 00:35:48,160 - INFO - ==================================================
2026-06-04 00:35:48,161 - INFO - Iniciando ETL Service - Standalone (Polling Mode)
2026-06-04 00:35:48,163 - INFO - ==================================================
2026-06-04 00:35:48,177 - INFO - ETL Service Iniciado (modo polling)
2026-06-04 00:35:48,178 - INFO - Monitoreando:
2026-06-04 00:35:48,180 - INFO -    - Pacientes: /app/uploads/pacientes
2026-06-04 00:35:48,181 - INFO -    - Inventario: /app/uploads/inventario
2026-06-04 00:35:48,181 - INFO -  Intervalo de escaneo: 5 segundos
2026-06-04 00:35:48,182 - INFO - 🔍 Escaneando carpetas en busca de archivos CSV...
2026-06-05 02:09:28,418 - INFO - ==================================================
2026-06-05 02:09:28,421 - INFO - Iniciando ETL Service - Standalone (Polling Mode)
2026-06-05 02:09:28,421 - INFO - ==================================================
2026-06-05 02:09:28,432 - INFO - ETL Service Iniciado (modo polling)
2026-06-05 02:09:28,433 - INFO - Monitoreando:
2026-06-05 02:09:28,433 - INFO -    - Pacientes: /app/uploads/pacientes
2026-06-05 02:09:28,434 - INFO -    - Inventario: /app/uploads/inventario
2026-06-05 02:09:28,434 - INFO -  Intervalo de escaneo: 5 segundos
2026-06-05 02:09:28,434 - INFO - 🔍 Escaneando carpetas en busca de archivos CSV...
2026-06-05 02:27:55,181 - INFO - ==================================================
2026-06-05 02:27:55,182 - INFO - Iniciando ETL Service - Standalone (Polling Mode)
2026-06-05 02:27:55,182 - INFO - ==================================================
2026-06-05 02:27:55,194 - INFO - ETL Service Iniciado (modo polling)
2026-06-05 02:27:55,195 - INFO - Monitoreando:
2026-06-05 02:27:55,195 - INFO -    - Pacientes: /app/uploads/pacientes
2026-06-05 02:27:55,196 - INFO -    - Inventario: /app/uploads/inventario
2026-06-05 02:27:55,196 - INFO -  Intervalo de escaneo: 5 segundos
2026-06-05 02:27:55,197 - INFO - 🔍 Escaneando carpetas en busca de archivos CSV...
2026-06-05 02:55:18,120 - INFO - Archivo detectado en inventario: inventario_2026-06-05_02-55-14.csv
2026-06-05 02:55:18,211 - WARNING - Nombre no válido: inventario_2026-06-05_02-55-14.csv movido a /app/logs/error/nombre_invalido_20260605_025518_inventario_2026-06-05_02-55-14.csv
2026-06-05 02:55:51,741 - INFO - ==================================================
2026-06-05 02:55:51,741 - INFO - Iniciando ETL Service - Standalone (Polling Mode)
2026-06-05 02:55:51,742 - INFO - ==================================================
2026-06-05 02:55:51,751 - INFO - ETL Service Iniciado (modo polling)
2026-06-05 02:55:51,752 - INFO - Monitoreando:
2026-06-05 02:55:51,752 - INFO -    - Pacientes: /app/uploads/pacientes
2026-06-05 02:55:51,752 - INFO -    - Inventario: /app/uploads/inventario
2026-06-05 02:55:51,753 - INFO -  Intervalo de escaneo: 5 segundos
2026-06-05 02:55:51,753 - INFO - 🔍 Escaneando carpetas en busca de archivos CSV...
2026-06-05 02:57:01,884 - INFO - Archivo detectado en inventario: inventario_2026-06-05_02-56-58.csv
2026-06-05 02:57:01,918 - WARNING - Nombre no válido: inventario_2026-06-05_02-56-58.csv movido a /app/logs/error/nombre_invalido_20260605_025701_inventario_2026-06-05_02-56-58.csv
2026-06-05 03:06:05,528 - INFO - ==================================================
2026-06-05 03:06:05,529 - INFO - Iniciando ETL Service - Standalone (Polling Mode)
2026-06-05 03:06:05,530 - INFO - ==================================================
2026-06-05 03:06:05,539 - INFO - ETL Service Iniciado (modo polling)
2026-06-05 03:06:05,540 - INFO - Monitoreando:
2026-06-05 03:06:05,540 - INFO -    - Pacientes: /app/uploads/pacientes
2026-06-05 03:06:05,541 - INFO -    - Inventario: /app/uploads/inventario
2026-06-05 03:06:05,541 - INFO -  Intervalo de escaneo: 5 segundos
2026-06-05 03:06:05,541 - INFO - 🔍 Escaneando carpetas en busca de archivos CSV...
2026-06-05 03:06:15,573 - INFO - Archivo detectado en inventario: inventario_2026-06-05_03-06-11.csv
2026-06-05 03:06:15,753 - INFO - Actualizado medicamento ID: 1 (stock: 250)
2026-06-05 03:06:15,754 - INFO - Actualizado medicamento ID: 2 (stock: 180)
2026-06-05 03:06:15,756 - INFO - Actualizado medicamento ID: 3 (stock: 500)
2026-06-05 03:06:15,758 - INFO - Actualizado medicamento ID: 1 (stock: 220)
2026-06-05 03:06:15,759 - INFO - Actualizado medicamento ID: 2 (stock: 160)
2026-06-05 03:06:15,761 - INFO - Actualizado medicamento ID: 3 (stock: 450)
2026-06-05 03:06:15,829 - INFO - ÉXITO - inventario_2026-06-05_03-06-11.csv: Procesados 6 registros. Errores: 0
2026-06-05 03:06:25,842 - INFO - Archivo detectado en inventario: inventario_2026-06-05_03-06-25.csv
2026-06-05 03:06:25,875 - ERROR - Estructura inválida en inventario_2026-06-05_03-06-25.csv: Columnas faltantes: {'id_medicamento', 'unidad_medida', 'stock_actual', 'id_bodega', 'stock_minimo'}
2026-06-06 00:55:51,346 - INFO - ==================================================
2026-06-06 00:55:51,347 - INFO - Iniciando ETL Service - Standalone (Polling Mode)
2026-06-06 00:55:51,348 - INFO - ==================================================
2026-06-06 00:55:51,358 - INFO - ETL Service Iniciado (modo polling)
2026-06-06 00:55:51,359 - INFO - Monitoreando:
2026-06-06 00:55:51,359 - INFO -    - Pacientes: /app/uploads/pacientes
2026-06-06 00:55:51,360 - INFO -    - Inventario: /app/uploads/inventario
2026-06-06 00:55:51,360 - INFO -  Intervalo de escaneo: 5 segundos
2026-06-06 00:55:51,360 - INFO - 🔍 Escaneando carpetas en busca de archivos CSV...
2026-06-06 01:30:41,606 - INFO - ==================================================
2026-06-06 01:30:41,606 - INFO - Iniciando ETL Service - Standalone (Polling Mode)
2026-06-06 01:30:41,607 - INFO - ==================================================
2026-06-06 01:30:41,616 - INFO - ETL Service Iniciado (modo polling)
2026-06-06 01:30:41,616 - INFO - Monitoreando:
2026-06-06 01:30:41,616 - INFO -    - Pacientes: /app/uploads/pacientes
2026-06-06 01:30:41,617 - INFO -    - Inventario: /app/uploads/inventario
2026-06-06 01:30:41,617 - INFO -  Intervalo de escaneo: 5 segundos
2026-06-06 01:30:41,617 - INFO - 🔍 Escaneando carpetas en busca de archivos CSV...
2026-06-06 14:02:23,599 - INFO - ==================================================
2026-06-06 14:02:23,600 - INFO - Iniciando ETL Service - Standalone (Polling Mode)
2026-06-06 14:02:23,601 - INFO - ==================================================
2026-06-06 14:02:23,614 - INFO - ETL Service Iniciado (modo polling)
2026-06-06 14:02:23,614 - INFO - Monitoreando:
2026-06-06 14:02:23,615 - INFO -    - Pacientes: /app/uploads/pacientes
2026-06-06 14:02:23,616 - INFO -    - Inventario: /app/uploads/inventario
2026-06-06 14:02:23,616 - INFO -  Intervalo de escaneo: 5 segundos
2026-06-06 14:02:23,617 - INFO - 🔍 Escaneando carpetas en busca de archivos CSV...
2026-06-06 19:19:48,064 - INFO - ==================================================
2026-06-06 19:19:48,066 - INFO - Iniciando ETL Service - Standalone (Polling Mode)
2026-06-06 19:19:48,066 - INFO - ==================================================
2026-06-06 19:19:48,075 - INFO - ETL Service Iniciado (modo polling)
2026-06-06 19:19:48,076 - INFO - Monitoreando:
2026-06-06 19:19:48,076 - INFO -    - Pacientes: /app/uploads/pacientes
2026-06-06 19:19:48,077 - INFO -    - Inventario: /app/uploads/inventario
2026-06-06 19:19:48,077 - INFO -  Intervalo de escaneo: 5 segundos
2026-06-06 19:19:48,078 - INFO - 🔍 Escaneando carpetas en busca de archivos CSV...
2026-06-06 20:57:24,775 - INFO - ==================================================
2026-06-06 20:57:24,778 - INFO - Iniciando ETL Service - Standalone (Polling Mode)
2026-06-06 20:57:24,779 - INFO - ==================================================
2026-06-06 20:57:24,792 - INFO - ETL Service Iniciado (modo polling)
2026-06-06 20:57:24,793 - INFO - Monitoreando:
2026-06-06 20:57:24,793 - INFO -    - Pacientes: /app/uploads/pacientes
2026-06-06 20:57:24,794 - INFO -    - Inventario: /app/uploads/inventario
2026-06-06 20:57:24,795 - INFO -  Intervalo de escaneo: 5 segundos
2026-06-06 20:57:24,795 - INFO - 🔍 Escaneando carpetas en busca de archivos CSV...
2026-06-07 01:50:49,296 - INFO - ==================================================
2026-06-07 01:50:49,298 - INFO - Iniciando ETL Service - Standalone (Polling Mode)
2026-06-07 01:50:49,299 - INFO - ==================================================
2026-06-07 01:50:49,307 - INFO - ETL Service Iniciado (modo polling)
2026-06-07 01:50:49,308 - INFO - Monitoreando:
2026-06-07 01:50:49,308 - INFO -    - Pacientes: /app/uploads/pacientes
2026-06-07 01:50:49,309 - INFO -    - Inventario: /app/uploads/inventario
2026-06-07 01:50:49,309 - INFO -  Intervalo de escaneo: 5 segundos
2026-06-07 01:50:49,309 - INFO - 🔍 Escaneando carpetas en busca de archivos CSV...
2026-06-07 03:17:35,585 - INFO - ==================================================
2026-06-07 03:17:35,586 - INFO - Iniciando ETL Service - Standalone (Polling Mode)
2026-06-07 03:17:35,587 - INFO - ==================================================
2026-06-07 03:17:35,601 - INFO - ETL Service Iniciado (modo polling)
2026-06-07 03:17:35,602 - INFO - Monitoreando:
2026-06-07 03:17:35,603 - INFO -    - Pacientes: /app/uploads/pacientes
2026-06-07 03:17:35,604 - INFO -    - Inventario: /app/uploads/inventario
2026-06-07 03:17:35,604 - INFO -  Intervalo de escaneo: 5 segundos
2026-06-07 03:17:35,605 - INFO - 🔍 Escaneando carpetas en busca de archivos CSV...
2026-06-07 22:13:49,791 - INFO - ==================================================
2026-06-07 22:13:49,792 - INFO - Iniciando ETL Service - Standalone (Polling Mode)
2026-06-07 22:13:49,793 - INFO - ==================================================
2026-06-07 22:13:49,807 - INFO - ETL Service Iniciado (modo polling)
2026-06-07 22:13:49,808 - INFO - Monitoreando:
2026-06-07 22:13:49,808 - INFO -    - Pacientes: /app/uploads/pacientes
2026-06-07 22:13:49,809 - INFO -    - Inventario: /app/uploads/inventario
2026-06-07 22:13:49,809 - INFO -  Intervalo de escaneo: 5 segundos
2026-06-07 22:13:49,810 - INFO - 🔍 Escaneando carpetas en busca de archivos CSV...
2026-06-07 22:50:53,211 - INFO - Archivo detectado en inventario: inventario_2026-06-07_22-50-51.csv
2026-06-07 22:50:53,303 - INFO - Actualizado medicamento ID: 4 (stock: 10)
2026-06-07 22:50:53,354 - INFO - ÉXITO - inventario_2026-06-07_22-50-51.csv: Procesados 1 registros. Errores: 0
2026-06-07 23:26:51,752 - INFO - Archivo detectado en inventario: inventario_2026-06-07_23-26-51.csv
2026-06-07 23:26:51,780 - INFO - Actualizado medicamento ID: 4 (stock: 10)
2026-06-07 23:26:51,825 - INFO - ÉXITO - inventario_2026-06-07_23-26-51.csv: Procesados 1 registros. Errores: 0
2026-06-08 04:06:27,556 - INFO - ==================================================
2026-06-08 04:06:27,557 - INFO - Iniciando ETL Service - Standalone (Polling Mode)
2026-06-08 04:06:27,557 - INFO - ==================================================
2026-06-08 04:06:27,563 - INFO - Esperando a que MySQL esté disponible...
2026-06-08 04:06:37,590 - INFO - ETL Service Iniciado (modo polling)
2026-06-08 04:06:37,590 - INFO - Monitoreando:
2026-06-08 04:06:37,591 - INFO -    - Pacientes: /app/uploads/pacientes
2026-06-08 04:06:37,591 - INFO -    - Inventario: /app/uploads/inventario
2026-06-08 04:06:37,591 - INFO -    - Bodega: /app/uploads/bodega
2026-06-08 04:06:37,592 - INFO -    - Medicamento: /app/uploads/medicamento
2026-06-08 04:06:37,592 - INFO -  Intervalo de escaneo: 120 segundos
2026-06-08 04:06:37,592 - INFO - Escaneando carpetas en busca de archivos CSV...
2026-06-08 04:08:37,604 - INFO - Escaneando carpetas en busca de archivos CSV...
2026-06-08 04:10:37,613 - INFO - Escaneando carpetas en busca de archivos CSV...
2026-06-08 04:12:36,955 - INFO - Escaneando carpetas en busca de archivos CSV...
2026-06-08 04:14:36,972 - INFO - Escaneando carpetas en busca de archivos CSV...
2026-06-08 04:16:36,983 - INFO - Escaneando carpetas en busca de archivos CSV...
2026-06-08 04:18:36,991 - INFO - Escaneando carpetas en busca de archivos CSV...
2026-06-08 04:20:36,995 - INFO - Escaneando carpetas en busca de archivos CSV...
2026-06-08 04:22:37,002 - INFO - Escaneando carpetas en busca de archivos CSV...
2026-06-08 04:24:37,009 - INFO - Escaneando carpetas en busca de archivos CSV...
2026-06-08 04:26:37,018 - INFO - Escaneando carpetas en busca de archivos CSV...
2026-06-08 04:28:37,026 - INFO - Escaneando carpetas en busca de archivos CSV...
2026-06-08 04:30:37,037 - INFO - Escaneando carpetas en busca de archivos CSV...
2026-06-08 04:39:13,633 - INFO - ==================================================
2026-06-08 04:39:13,633 - INFO - Iniciando ETL Service - Standalone (Polling Mode)
2026-06-08 04:39:13,634 - INFO - ==================================================
2026-06-08 04:39:13,634 - INFO - Esperando a que MySQL esté disponible...
2026-06-08 04:39:23,662 - INFO - ETL Service Iniciado (modo polling)
2026-06-08 04:39:23,663 - INFO - Monitoreando:
2026-06-08 04:39:23,663 - INFO -    - Pacientes: /app/uploads/pacientes
2026-06-08 04:39:23,664 - INFO -    - Inventario: /app/uploads/inventario
2026-06-08 04:39:23,664 - INFO -    - Bodega: /app/uploads/bodega
2026-06-08 04:39:23,664 - INFO -    - Medicamento: /app/uploads/medicamento
2026-06-08 04:39:23,665 - INFO -  Intervalo de escaneo: 120 segundos
2026-06-08 04:39:23,665 - INFO - Escaneando carpetas en busca de archivos CSV...
2026-06-08 04:41:23,675 - INFO - Escaneando carpetas en busca de archivos CSV...
2026-06-08 04:43:23,685 - INFO - Escaneando carpetas en busca de archivos CSV...
2026-06-08 04:54:27,476 - INFO - ==================================================
2026-06-08 04:54:27,491 - INFO - Iniciando ETL Service - Standalone (Polling Mode)
2026-06-08 04:54:27,491 - INFO - ==================================================
2026-06-08 04:54:27,491 - INFO - Esperando a que MySQL esté disponible...
2026-06-08 04:54:37,544 - INFO - ETL Service Iniciado (modo polling)
2026-06-08 04:54:37,545 - INFO - Monitoreando:
2026-06-08 04:54:37,545 - INFO -    - Pacientes: /app/uploads/pacientes
2026-06-08 04:54:37,546 - INFO -    - Inventario: /app/uploads/inventario
2026-06-08 04:54:37,546 - INFO -    - Bodega: /app/uploads/bodega
2026-06-08 04:54:37,547 - INFO -    - Medicamento: /app/uploads/medicamento
2026-06-08 04:54:37,547 - INFO -  Intervalo de escaneo: 120 segundos
2026-06-08 04:54:37,548 - INFO - Escaneando carpetas en busca de archivos CSV...
2026-06-08 04:56:37,575 - INFO - Escaneando carpetas en busca de archivos CSV...
2026-06-08 05:24:49,675 - INFO - ==================================================
2026-06-08 05:24:49,677 - INFO - Iniciando ETL Service - Standalone (Polling Mode)
2026-06-08 05:24:49,678 - INFO - ==================================================
2026-06-08 05:24:49,680 - INFO - Esperando a que MySQL esté disponible...
2026-06-08 05:24:59,699 - INFO - ETL Service Iniciado (modo polling)
2026-06-08 05:24:59,700 - INFO - Monitoreando:
2026-06-08 05:24:59,700 - INFO -    - Pacientes: /app/uploads/pacientes
2026-06-08 05:24:59,701 - INFO -    - Inventario: /app/uploads/inventario
2026-06-08 05:24:59,701 - INFO -    - Bodega: /app/uploads/bodega
2026-06-08 05:24:59,702 - INFO -    - Medicamento: /app/uploads/medicamento
2026-06-08 05:24:59,702 - INFO -  Intervalo de escaneo: 120 segundos
2026-06-08 05:24:59,702 - INFO - Escaneando carpetas en busca de archivos CSV...
2026-06-08 05:36:00,964 - INFO - ==================================================
2026-06-08 05:36:00,965 - INFO - Iniciando ETL Service - Standalone (Polling Mode)
2026-06-08 05:36:00,965 - INFO - ==================================================
2026-06-08 05:36:00,966 - INFO - Esperando a que MySQL esté disponible...
2026-06-08 05:36:10,984 - INFO - ETL Service Iniciado (modo polling)
2026-06-08 05:36:10,985 - INFO - Monitoreando:
2026-06-08 05:36:10,986 - INFO -    - Pacientes: /app/uploads/pacientes
2026-06-08 05:36:10,986 - INFO -    - Inventario: /app/uploads/inventario
2026-06-08 05:36:10,987 - INFO -    - Bodega: /app/uploads/bodega
2026-06-08 05:36:10,988 - INFO -    - Medicamento: /app/uploads/medicamento
2026-06-08 05:36:10,988 - INFO -  Intervalo de escaneo: 120 segundos
2026-06-08 05:36:10,989 - INFO - Escaneando carpetas en busca de archivos CSV...
2026-06-08 05:38:11,009 - INFO - Escaneando carpetas en busca de archivos CSV...
2026-06-08 05:47:38,466 - INFO - ==================================================
2026-06-08 05:47:38,468 - INFO - Iniciando ETL Service - Standalone (Polling Mode)
2026-06-08 05:47:38,468 - INFO - ==================================================
2026-06-08 05:47:38,469 - INFO - Esperando a que MySQL esté disponible...
2026-06-08 05:47:48,551 - INFO - ETL Service Iniciado (modo polling)
2026-06-08 05:47:48,552 - INFO - Monitoreando:
2026-06-08 05:47:48,553 - INFO -    - Pacientes: /app/uploads/pacientes
2026-06-08 05:47:48,554 - INFO -    - Inventario: /app/uploads/inventario
2026-06-08 05:47:48,555 - INFO -    - Bodega: /app/uploads/bodega
2026-06-08 05:47:48,555 - INFO -    - Medicamento: /app/uploads/medicamento
2026-06-08 05:47:48,557 - INFO -  Intervalo de escaneo: 120 segundos
2026-06-08 05:47:48,557 - INFO - Escaneando carpetas en busca de archivos CSV...
2026-06-08 05:49:48,572 - INFO - Escaneando carpetas en busca de archivos CSV...
2026-06-08 05:51:48,580 - INFO - Escaneando carpetas en busca de archivos CSV...
2026-06-08 05:53:48,589 - INFO - Escaneando carpetas en busca de archivos CSV...
2026-06-08 05:55:48,965 - INFO - ==================================================
2026-06-08 05:55:48,966 - INFO - Iniciando ETL Service - Standalone (Polling Mode)
2026-06-08 05:55:48,967 - INFO - ==================================================
2026-06-08 05:55:48,967 - INFO - Esperando a que MySQL esté disponible...
2026-06-08 05:55:58,980 - INFO - ETL Service Iniciado (modo polling)
2026-06-08 05:55:58,981 - INFO - Monitoreando:
2026-06-08 05:55:58,981 - INFO -    - Pacientes: /app/uploads/pacientes
2026-06-08 05:55:58,982 - INFO -    - Inventario: /app/uploads/inventario
2026-06-08 05:55:58,982 - INFO -    - Bodega: /app/uploads/bodega
2026-06-08 05:55:58,982 - INFO -    - Medicamento: /app/uploads/medicamento
2026-06-08 05:55:58,983 - INFO -  Intervalo de escaneo: 120 segundos
2026-06-08 05:55:58,983 - INFO - Escaneando carpetas en busca de archivos CSV...
2026-06-08 05:57:31,219 - INFO - ==================================================
2026-06-08 05:57:31,219 - INFO - Iniciando ETL Service - Standalone (Polling Mode)
2026-06-08 05:57:31,219 - INFO - ==================================================
2026-06-08 05:57:31,220 - INFO - Esperando a que MySQL esté disponible...
2026-06-08 05:57:41,233 - INFO - ETL Service Iniciado (modo polling)
2026-06-08 05:57:41,233 - INFO - Monitoreando:
2026-06-08 05:57:41,233 - INFO -    - Pacientes: /app/uploads/pacientes
2026-06-08 05:57:41,234 - INFO -    - Inventario: /app/uploads/inventario
2026-06-08 05:57:41,234 - INFO -    - Bodega: /app/uploads/bodega
2026-06-08 05:57:41,234 - INFO -    - Medicamento: /app/uploads/medicamento
2026-06-08 05:57:41,235 - INFO -  Intervalo de escaneo: 120 segundos
2026-06-08 05:57:41,235 - INFO - Escaneando carpetas en busca de archivos CSV...
2026-06-08 05:59:41,249 - INFO - Escaneando carpetas en busca de archivos CSV...
2026-06-08 06:01:41,257 - INFO - Escaneando carpetas en busca de archivos CSV...
2026-06-08 06:03:41,276 - INFO - Escaneando carpetas en busca de archivos CSV...
2026-06-08 06:05:41,287 - INFO - Escaneando carpetas en busca de archivos CSV...
2026-06-08 06:07:41,294 - INFO - Escaneando carpetas en busca de archivos CSV...
2026-06-08 06:17:12,362 - INFO - ==================================================
2026-06-08 06:17:12,364 - INFO - Iniciando ETL Service - Standalone (Polling Mode)
2026-06-08 06:17:12,365 - INFO - ==================================================
2026-06-08 06:17:12,366 - INFO - Esperando a que MySQL esté disponible...
2026-06-08 06:17:22,388 - INFO - ETL Service Iniciado (modo polling)
2026-06-08 06:17:22,388 - INFO - Monitoreando:
2026-06-08 06:17:22,389 - INFO -    - Pacientes: /app/uploads/pacientes
2026-06-08 06:17:22,389 - INFO -    - Inventario: /app/uploads/inventario
2026-06-08 06:17:22,390 - INFO -    - Bodega: /app/uploads/bodega
2026-06-08 06:17:22,391 - INFO -    - Medicamento: /app/uploads/medicamento
2026-06-08 06:17:22,392 - INFO -  Intervalo de escaneo: 120 segundos
2026-06-08 06:17:22,392 - INFO - Escaneando carpetas en busca de archivos CSV...
2026-06-08 06:19:22,438 - INFO - Escaneando carpetas en busca de archivos CSV...
2026-06-08 06:21:22,463 - INFO - Escaneando carpetas en busca de archivos CSV...
2026-06-08 06:23:22,474 - INFO - Escaneando carpetas en busca de archivos CSV...
2026-06-08 06:25:22,483 - INFO - Escaneando carpetas en busca de archivos CSV...
2026-06-08 06:27:22,492 - INFO - Escaneando carpetas en busca de archivos CSV...
2026-06-08 06:29:22,498 - INFO - Escaneando carpetas en busca de archivos CSV...
2026-06-08 06:31:22,506 - INFO - Escaneando carpetas en busca de archivos CSV...
2026-06-08 06:33:22,514 - INFO - Escaneando carpetas en busca de archivos CSV...
2026-06-08 06:35:22,525 - INFO - Escaneando carpetas en busca de archivos CSV...
2026-06-08 06:37:22,532 - INFO - Escaneando carpetas en busca de archivos CSV...
2026-06-08 06:39:22,543 - INFO - Escaneando carpetas en busca de archivos CSV...
2026-06-08 06:41:22,553 - INFO - Escaneando carpetas en busca de archivos CSV...
2026-06-08 06:43:22,560 - INFO - Escaneando carpetas en busca de archivos CSV...
2026-06-08 06:45:22,567 - INFO - Escaneando carpetas en busca de archivos CSV...
2026-06-08 06:47:22,574 - INFO - Escaneando carpetas en busca de archivos CSV...
2026-06-08 06:49:22,583 - INFO - Escaneando carpetas en busca de archivos CSV...
2026-06-08 07:00:51,589 - INFO - ==================================================
2026-06-08 07:00:51,604 - INFO - Iniciando ETL Service - Standalone (Polling Mode)
2026-06-08 07:00:51,604 - INFO - ==================================================
2026-06-08 07:00:51,605 - INFO - Esperando a que MySQL esté disponible...
2026-06-08 07:01:01,651 - INFO - ETL Service Iniciado (modo polling)
2026-06-08 07:01:01,653 - INFO - Monitoreando:
2026-06-08 07:01:01,653 - INFO -    - Pacientes: /app/uploads/pacientes
2026-06-08 07:01:01,654 - INFO -    - Inventario: /app/uploads/inventario
2026-06-08 07:01:01,654 - INFO -    - Bodega: /app/uploads/bodega
2026-06-08 07:01:01,654 - INFO -    - Medicamento: /app/uploads/medicamento
2026-06-08 07:01:01,655 - INFO -  Intervalo de escaneo: 120 segundos
2026-06-08 07:01:01,655 - INFO - Escaneando carpetas en busca de archivos CSV...
2026-06-08 07:03:01,710 - INFO - Escaneando carpetas en busca de archivos CSV...
2026-06-08 07:05:01,716 - INFO - Escaneando carpetas en busca de archivos CSV...
2026-06-08 07:07:01,722 - INFO - Escaneando carpetas en busca de archivos CSV...
2026-06-08 07:09:01,738 - INFO - Escaneando carpetas en busca de archivos CSV...
